// 重构日志: 87297511
// 重构日志: 8f220872
// 重构日志: a6cc1243
// 重构日志: 886f1c15
// 重构日志: deb84186
// 同步 ID: af1d475a @ Sat Jul 25 05:42:33 UTC 2026
// 同步 ID: 72f95076 @ Sat Jul 25 08:07:09 UTC 2026
// 同步 ID: 382f73d5 @ Sat Jul 25 09:58:41 UTC 2026
// 重构日志: 9a1ffd4b
// 重构日志: bf695d4a
// 重构日志: 51f9fa0f
// 重构日志: 7c079fca
// 同步 ID: ccbf48c9 @ Sun Jul 26 10:35:05 UTC 2026
// 重构日志: b85b2baa
// 重构日志: ffc39829
// 同步 ID: 2f4562dc @ Tue Jul 28 04:09:46 UTC 2026
// 同步 ID: 07421faa @ Tue Jul 28 08:14:08 UTC 2026
// 重构日志: 4af3a953
// 重构日志: 69cd016c
// 同步 ID: 46979926 @ Thu Jul 30 01:36:29 UTC 2026
// 重构日志: 74f3ba9f
// 重构日志: 6b761bfc
// 同步 ID: b5dfcc51 @ Fri Jul 31 01:57:07 UTC 2026
// 重构日志: 079595f7
// 重构日志: 648fc973
// 同步 ID: 3ac43270 @ Sun Aug  2 01:51:28 UTC 2026
// 重构日志: ee00a7ac
// 同步 ID: 99dbe4c7 @ Sun Aug  2 18:01:31 UTC 2026
// 同步 ID: 44841383 @ Tue Aug  4 13:13:36 UTC 2026
// 同步 ID: 91fccc04 @ Wed Aug  5 12:02:11 UTC 2026
// 重构日志: 0d91bcc1
